
> design-asset-manager@1.0.0 build
> node scripts/build-identity.mjs && electron-vite build

{"buildId":"dam-5b561d5cd0aac729","sourceCount":621}
vite v5.4.21 building SSR bundle for production...
transforming...
✓ 211 modules transformed.
rendering chunks...
out/main/index.js  994.42 kB
✓ built in 735ms
vite v5.4.21 building SSR bundle for production...
transforming...
✓ 20 modules transformed.
rendering chunks...
out/preload/work-window.cjs   0.69 kB
out/preload/asset-card.cjs    4.22 kB
out/preload/index.cjs        39.31 kB
✓ built in 27ms
vite v5.4.21 building for production...
transforming...
✓ 2034 modules transformed.
rendering chunks...
../../out/renderer/index.html                     0.85 kB
../../out/renderer/assets/index-uFYb91NR.css    238.57 kB
../../out/renderer/assets/index-CFJub1en.js   1,582.96 kB
✓ built in 1.54s
