TAP version 13
# Subtest: staged ASAR-external resource layout verifies and starts the fixed worker offline
ok 1 - staged ASAR-external resource layout verifies and starts the fixed worker offline
  ---
  duration_ms: 11643.853584
  ...
# Subtest: UI provider presets match the fixed Pi catalog metadata without authentication or network
ok 2 - UI provider presets match the fixed Pi catalog metadata without authentication or network
  ---
  duration_ms: 42.851792
  ...
1..2
# tests 2
# suites 0
# pass 2
# fail 0
# cancelled 0
# skipped 0
# todo 0
# duration_ms 12032.898375
