node:internal/modules/run_main:107
    triggerUncaughtException(
    ^

AssertionError [ERR_ASSERTION]: The input did not match the regular expression /import DoctorPanel from '\.\.\/components\/settings\/DoctorPanel'/. Input:

"import {appPath} from '../../shared/workflows/app-navigation.workflow'\n" +
  "import React, { useEffect, useRef, useState } from 'react'\n" +
  "import { Link, useSearchParams } from 'react-router-dom'\n" +
  "import { FolderOpen, HardDrive, Moon, Sun, Save, Sparkles, ShieldCheck, Compass, Keyboard } from 'lucide-react'\n" +
  "import { useSettingsStore } from '../stores/settings.store'\n" +
  "import { useUIStore } from '../stores/ui.store'\n" +
  "import { Button, Notice, PageHeader } from '../components/ui/WorkspacePrimitives'\n" +
  '\n' +
  'const sections = [\n' +
  "  { id: 'appearance', label: '外观与操作', Icon: Sun },\n" +
  "  { id: 'library', label: '资料库', Icon: HardDrive },\n" +
  "  { id: 'ai', label: 'AI 与模型', Icon: Sparkles },\n" +
  "  { id: 'capture', label: '采集与下载', Icon: Compass },\n" +
  "  { id: 'shortcuts', label: '快捷键', Icon: Keyboard },\n" +
  "  { id: 'advanced', label: '高级维护', Icon: ShieldCheck }\n" +
  '] as const\n' +
  '\n' +
  'export default function Settings() {\n' +
  '  const { settings, updateSettings, loadSettings } = useSettingsStore()\n' +
  '  const { theme, toggleTheme } = useUIStore()\n' +
  '  const [params, setParams] = useSearchParams()\n' +
  "  const section = sections.some(item => item.id === params.get('section')) ? params.get('section')! : 'appearance'\n" +
  "  const [query, setQuery] = useState('')\n" +
  '  const [libraryPath, setLibraryPath] = useState(settings.libraryPath)\n' +
  "  const [modelRootDir, setModelRootDir] = useState(settings.modelRootDir || '~/DesignAssetManager/AIModels')\n" +
  '  const [concurrency, setConcurrency] = useState(settings.concurrency)\n' +
  '  const [delayInterval, setDelayInterval] = useState(settings.delayInterval)\n' +
  '  const [saveOriginalUrl, setSaveOriginalUrl] = useState(settings.saveOriginalUrl)\n' +
  '  const [autoThumbnail, setAutoThumbnail] = useState(settings.autoThumbnail)\n' +
  '  const [saving, setSaving] = useState(false)\n' +
  '  const [feedback, setFeedback] = useState<{ error: boolean; text: string } | null>(null)\n' +
  '  const baseline = useRef(settings)\n' +
  '  useEffect(() => { void loadSettings() }, [])\n' +
  '  useEffect(() => {\n' +
  '    const old = baseline.current\n' +
  '    setLibraryPath(value => value === old.libraryPath ? settings.libraryPath : value)\n' +
  "    setModelRootDir(value => value === (old.modelRootDir || '~/DesignAssetManager/AIModels') ? settings.modelRootDir || '~/DesignAssetManager/AIModels' : value)\n" +
  '    setConcurrency(value => value === old.concurrency ? settings.concurrency : value)\n' +
  '    setDelayInterval(value => value === old.delayInterval ? settings.delayInterval : value)\n' +
  '    setSaveOriginalUrl(value => value === old.saveOriginalUrl ? settings.saveOriginalUrl : value)\n' +
  '    setAutoThumbnail(value => value === old.autoThumbnail ? settings.autoThumbnail : value)\n' +
  '    baseline.current = settings\n' +
  '  }, [settings])\n' +
  "  const dirty = libraryPath !== settings.libraryPath || modelRootDir !== (settings.modelRootDir || '~/DesignAssetManager/AIModels') || concurrency !== settings.concurrency || delayInterval !== settings.delayInterval || saveOriginalUrl !== settings.saveOriginalUrl || autoThumbnail !== settings.autoThumbnail\n" +
  '  const selectFolder = async (value: string, setValue: (value: string) => void) => {\n' +
  '    try {\n' +
  '      const api = (window as any).electronAPI\n' +
  "      if (!api?.settingsSelectFolder) { setFeedback({ error: true, text: '当前环境无法打开文件夹选择器。' }); return }\n" +
  '      const result = await api.settingsSelectFolder({ defaultPath: value })\n' +
  "      const selectedPath = typeof result === 'string' ? result : result?.canceled === false && typeof result.path === 'string' ? result.path : ''\n" +
  '      if (selectedPath) setValue(selectedPath)\n' +
  "    } catch { setFeedback({ error: true, text: '未能选择文件夹，请重试。' }) }\n" +
  '  }\n' +
  '  const handleSave = async (event: React.FormEvent) => {\n' +
  '    event.preventDefault(); if (saving) return\n' +
  '    setSaving(true); setFeedback(null)\n' +
  "    try { await updateSettings({ libraryPath, modelRootDir, concurrency, delayInterval, saveOriginalUrl, autoThumbnail }); setFeedback({ error: false, text: '偏好已保存。' }) }\n" +
  "    catch { setFeedback({ error: true, text: '偏好未能保存，请检查后重试。' }) }\n" +
  '    finally { setSaving(false) }\n' +
  '  }\n' +
  '  return <div className="ui-page ui-tool-page preferences-page structured-preferences">\n' +
  '    <PageHeader eyebrow="PREFERENCES" title="设置" description="按工作方式组织偏好，清楚知道每一项影响哪里。" actions={<Link className="ui-button ui-button-secondary" to="/library">返回素材工作区</Link>} />\n' +
  "    {feedback && <Notice tone={feedback.error ? 'danger' : 'positive'}>{feedback.text}</Notice>}\n" +
  '    <div className="preferences-layout"><nav aria-label="设置分类" onKeyDown={event => {\n' +
  "      if ((event.target as HTMLElement).tagName === 'INPUT' || !['ArrowDown', 'ArrowUp', 'ArrowLeft', 'ArrowRight', 'Home', 'End'].includes(event.key)) return\n" +
  '      event.preventDefault()\n' +
  '      const visible = sections.filter(item => item.label.includes(query))\n' +
  '      if (!visible.length) return\n' +
  '      const current = visible.findIndex(item => item.id === section)\n' +
  "      const index = event.key === 'Home' ? 0 : event.key === 'End' ? visible.length - 1 : (current + (event.key === 'ArrowLeft' || event.key === 'ArrowUp' ? -1 : 1) + visible.length) % visible.length\n" +
  '      setParams({ section: visible[index].id }, { replace: true })\n' +
  "      event.currentTarget.querySelectorAll<HTMLButtonElement>('button')[index]?.focus()\n" +
  '    }}><input className="ui-input" aria-label="搜索设置分类" placeholder="搜索设置" value={query} onChange={event => setQuery(event.target.value)} />\n' +
  '      {sections.filter(item => item.label.includes(query)).map(({ id, label, Icon }) => <button key={id} type="button" aria-pressed={section === id} onClick={() => setParams({ section: id }, { replace: true })}><Icon size={17} />{label}</button>)}\n' +
  '      {query && !sections.some(item => item.label.includes(query)) && <p className="ui-meta">没有匹配的分类</p>}\n' +
  '    </nav><main className="preferences-content">\n' +
  '      <section hidden={section !== \'appearance\'} className="ui-card"><h2>外观与操作</h2><p className="ui-meta">应用外观即时生效，查看模式从素材工作区底部切换。</p><div className="appearance-options">{([\'light\', \'dark\'] as const).map(value => <button type="button" key={value} className="appearance-choice" aria-label={value === \'light\' ? \'浅色外观\' : \'深色外观\'} aria-pressed={theme === value} onClick={() => { if (theme !== value) toggleTheme() }}><span className={`appearance-miniature ${value}`}><span /><span><i /><i /><i /></span></span><span className="appearance-choice-label">{value === \'light\' ? <Sun size={16} /> : <Moon size={16} />}{value === \'light\' ? \'浅色\' : \'深色\'}</span></button>)}</div><p className="ui-meta">模式切换采用玻璃过渡。开启系统“减少动态效果”后改用短淡入淡出；减少透明度或增强对比度时使用更实的背景。</p></section>\n' +
  '      <form id="workspace-preferences" onSubmit={handleSave}>\n' +
  `        <section hidden={section !== 'library'} className="ui-card"><h2>资料库</h2><Notice>这里保存默认路径偏好，不切换当前资料库或迁移文件。</Notice><div className="ui-actions"><Link className="ui-button ui-button-secondary" to="/library">打开与管理资料库</Link><Link className="ui-button ui-button-secondary" to="/connected-libraries">Eagle 连接库</Link><Link className="ui-button ui-button-secondary" to="/legacy-library">找回旧素材</Link></div><label className="ui-field"><span>素材存储路径偏好</span><span className="ui-actions"><input className="ui-input flex-1 min-w-0" aria-label="素材存储路径偏好" value={libraryPath} onChange={event => setLibraryPath(event.target.value)} required /><Button onClick={() => selectFolder(libraryPath, setLibraryPath)}><FolderOpen />浏览文件夹</Button></span></label></section>\n` +
  '\n' +
  `        <section hidden={section !== 'capture'} className="ui-card"><h2>采集与下载</h2><p className="ui-meta">下载任务由任务中心管理。以下是保留的旧采集偏好，不控制当前受管下载或素材复制流程。</p><label className="ui-field"><span className="preference-row"><span>并发任务上限</span><output>{concurrency} 个</output></span><input disabled aria-label="并发任务上限" type="range" min="1" max="8" step="1" value={concurrency} onChange={event => setConcurrency(Number(event.target.value))} /></label><label className="ui-field"><span className="preference-row"><span>请求间隔</span><output>{delayInterval} 秒</output></span><input disabled aria-label="请求间隔" type="range" min="0" max="5" step="0.5" value={delayInterval} onChange={event => setDelayInterval(Number(event.target.value))} /></label><label className="preference-row">保留原始来源 URL<input className="ui-switch" type="checkbox" disabled role="switch" checked={saveOriginalUrl} onChange={event => setSaveOriginalUrl(event.target.checked)} /></label><label className="preference-row">自动生成缩略图<input className="ui-switch" type="checkbox" disabled role="switch" checked={autoThumbnail} onChange={event => setAutoThumbnail(event.target.checked)} /></label></section>\n` +
  '      </form>\n' +
  `      <section hidden={section!=='ai'} className="ui-card"><h2>AI 与模型</h2><p>连接与账号在统一页面管理，配置不会发送素材。</p><Link className="ui-button ui-button-secondary" to={appPath('ai-console')}>管理 AI 连接与账号</Link></section>\n` +
  `      <section hidden={section !== 'shortcuts'} className="ui-card"><h2>快捷键</h2>{[['搜索素材', '⌘ F / Ctrl F'], ['快速查看', '空格'], ['关闭当前浮层', 'Esc'], ['切换查看模式', '在底部模式条使用左右方向键']].map(([label, shortcut]) => <div className="preference-row" key={label}><span>{label}</span><kbd>{shortcut}</kbd></div>)}</section>\n` +
  `      {section === 'advanced' && <section><Notice>维护操作会先检查目标与范围。配置外部模型服务不会授权上传素材。</Notice><Link className="ui-button ui-button-secondary" to="/about">帮助与当前构建</Link><Link className="ui-button ui-button-secondary" to={appPath('ai-diagnostics')}>查看现行诊断</Link></section>}\n` +
  '    </main></div>\n' +
  `    <footer className="preferences-savebar"><span role="status">{saving ? '正在保存…' : dirty ? '有尚未保存的偏好更改' : '路径偏好已同步'}</span><Button type="submit" form="workspace-preferences" variant="primary" disabled={!dirty || saving}><Save />{saving ? '保存中…' : '保存偏好'}</Button></footer>\n` +
  '  </div>\n' +
  '}\n'

    at file://<DAM_WORKSPACE>/dist-temp/tests/doctor-panel-contract.test.mjs:8:8
    at ModuleJob.run (node:internal/modules/esm/module_job:430:25)
    at process.processTicksAndRejections (node:internal/process/task_queues:104:5)
    at async onImport.tracePromise.__proto__ (node:internal/modules/esm/loader:639:26)
    at async file://<DAM_WORKSPACE>/scripts/run-ts-test.mjs:31:1 {
  generatedMessage: true,
  code: 'ERR_ASSERTION',
  actual: "import {appPath} from '../../shared/workflows/app-navigation.workflow'\n" +
    "import React, { useEffect, useRef, useState } from 'react'\n" +
    "import { Link, useSearchParams } from 'react-router-dom'\n" +
    "import { FolderOpen, HardDrive, Moon, Sun, Save, Sparkles, ShieldCheck, Compass, Keyboard } from 'lucide-react'\n" +
    "import { useSettingsStore } from '../stores/settings.store'\n" +
    "import { useUIStore } from '../stores/ui.store'\n" +
    "import { Button, Notice, PageHeader } from '../components/ui/WorkspacePrimitives'\n" +
    '\n' +
    'const sections = [\n' +
    "  { id: 'appearance', label: '外观与操作', Icon: Sun },\n" +
    "  { id: 'library', label: '资料库', Icon: HardDrive },\n" +
    "  { id: 'ai', label: 'AI 与模型', Icon: Sparkles },\n" +
    "  { id: 'capture', label: '采集与下载', Icon: Compass },\n" +
    "  { id: 'shortcuts', label: '快捷键', Icon: Keyboard },\n" +
    "  { id: 'advanced', label: '高级维护', Icon: ShieldCheck }\n" +
    '] as const\n' +
    '\n' +
    'export default function Settings() {\n' +
    '  const { settings, updateSettings, loadSettings } = useSettingsStore()\n' +
    '  const { theme, toggleTheme } = useUIStore()\n' +
    '  const [params, setParams] = useSearchParams()\n' +
    "  const section = sections.some(item => item.id === params.get('section')) ? params.get('section')! : 'appearance'\n" +
    "  const [query, setQuery] = useState('')\n" +
    '  const [libraryPath, setLibraryPath] = useState(settings.libraryPath)\n' +
    "  const [modelRootDir, setModelRootDir] = useState(settings.modelRootDir || '~/DesignAssetManager/AIModels')\n" +
    '  const [concurrency, setConcurrency] = useState(settings.concurrency)\n' +
    '  const [delayInterval, setDelayInterval] = useState(settings.delayInterval)\n' +
    '  const [saveOriginalUrl, setSaveOriginalUrl] = useState(settings.saveOriginalUrl)\n' +
    '  const [autoThumbnail, setAutoThumbnail] = useState(settings.autoThumbnail)\n' +
    '  const [saving, setSaving] = useState(false)\n' +
    '  const [feedback, setFeedback] = useState<{ error: boolean; text: string } | null>(null)\n' +
    '  const baseline = useRef(settings)\n' +
    '  useEffect(() => { void loadSettings() }, [])\n' +
    '  useEffect(() => {\n' +
    '    const old = baseline.current\n' +
    '    setLibraryPath(value => value === old.libraryPath ? settings.libraryPath : value)\n' +
    "    setModelRootDir(value => value === (old.modelRootDir || '~/DesignAssetManager/AIModels') ? settings.modelRootDir || '~/DesignAssetManager/AIModels' : value)\n" +
    '    setConcurrency(value => value === old.concurrency ? settings.concurrency : value)\n' +
    '    setDelayInterval(value => value === old.delayInterval ? settings.delayInterval : value)\n' +
    '    setSaveOriginalUrl(value => value === old.saveOriginalUrl ? settings.saveOriginalUrl : value)\n' +
    '    setAutoThumbnail(value => value === old.autoThumbnail ? settings.autoThumbnail : value)\n' +
    '    baseline.current = settings\n' +
    '  }, [settings])\n' +
    "  const dirty = libraryPath !== settings.libraryPath || modelRootDir !== (settings.modelRootDir || '~/DesignAssetManager/AIModels') || concurrency !== settings.concurrency || delayInterval !== settings.delayInterval || saveOriginalUrl !== settings.saveOriginalUrl || autoThumbnail !== settings.autoThumbnail\n" +
    '  const selectFolder = async (value: string, setValue: (value: string) => void) => {\n' +
    '    try {\n' +
    '      const api = (window as any).electronAPI\n' +
    "      if (!api?.settingsSelectFolder) { setFeedback({ error: true, text: '当前环境无法打开文件夹选择器。' }); return }\n" +
    '      const result = await api.settingsSelectFolder({ defaultPath: value })\n' +
    "      const selectedPath = typeof result === 'string' ? result : result?.canceled === false && typeof result.path === 'string' ? result.path : ''\n" +
    '      if (selectedPath) setValue(selectedPath)\n' +
    "    } catch { setFeedback({ error: true, text: '未能选择文件夹，请重试。' }) }\n" +
    '  }\n' +
    '  const handleSave = async (event: React.FormEvent) => {\n' +
    '    event.preventDefault(); if (saving) return\n' +
    '    setSaving(true); setFeedback(null)\n' +
    "    try { await updateSettings({ libraryPath, modelRootDir, concurrency, delayInterval, saveOriginalUrl, autoThumbnail }); setFeedback({ error: false, text: '偏好已保存。' }) }\n" +
    "    catch { setFeedback({ error: true, text: '偏好未能保存，请检查后重试。' }) }\n" +
    '    finally { setSaving(false) }\n' +
    '  }\n' +
    '  return <div className="ui-page ui-tool-page preferences-page structured-preferences">\n' +
    '    <PageHeader eyebrow="PREFERENCES" title="设置" description="按工作方式组织偏好，清楚知道每一项影响哪里。" actions={<Link className="ui-button ui-button-secondary" to="/library">返回素材工作区</Link>} />\n' +
    "    {feedback && <Notice tone={feedback.error ? 'danger' : 'positive'}>{feedback.text}</Notice>}\n" +
    '    <div className="preferences-layout"><nav aria-label="设置分类" onKeyDown={event => {\n' +
    "      if ((event.target as HTMLElement).tagName === 'INPUT' || !['ArrowDown', 'ArrowUp', 'ArrowLeft', 'ArrowRight', 'Home', 'End'].includes(event.key)) return\n" +
    '      event.preventDefault()\n' +
    '      const visible = sections.filter(item => item.label.includes(query))\n' +
    '      if (!visible.length) return\n' +
    '      const current = visible.findIndex(item => item.id === section)\n' +
    "      const index = event.key === 'Home' ? 0 : event.key === 'End' ? visible.length - 1 : (current + (event.key === 'ArrowLeft' || event.key === 'ArrowUp' ? -1 : 1) + visible.length) % visible.length\n" +
    '      setParams({ section: visible[index].id }, { replace: true })\n' +
    "      event.currentTarget.querySelectorAll<HTMLButtonElement>('button')[index]?.focus()\n" +
    '    }}><input className="ui-input" aria-label="搜索设置分类" placeholder="搜索设置" value={query} onChange={event => setQuery(event.target.value)} />\n' +
    '      {sections.filter(item => item.label.includes(query)).map(({ id, label, Icon }) => <button key={id} type="button" aria-pressed={section === id} onClick={() => setParams({ section: id }, { replace: true })}><Icon size={17} />{label}</button>)}\n' +
    '      {query && !sections.some(item => item.label.includes(query)) && <p className="ui-meta">没有匹配的分类</p>}\n' +
    '    </nav><main className="preferences-content">\n' +
    '      <section hidden={section !== \'appearance\'} className="ui-card"><h2>外观与操作</h2><p className="ui-meta">应用外观即时生效，查看模式从素材工作区底部切换。</p><div className="appearance-options">{([\'light\', \'dark\'] as const).map(value => <button type="button" key={value} className="appearance-choice" aria-label={value === \'light\' ? \'浅色外观\' : \'深色外观\'} aria-pressed={theme === value} onClick={() => { if (theme !== value) toggleTheme() }}><span className={`appearance-miniature ${value}`}><span /><span><i /><i /><i /></span></span><span className="appearance-choice-label">{value === \'light\' ? <Sun size={16} /> : <Moon size={16} />}{value === \'light\' ? \'浅色\' : \'深色\'}</span></button>)}</div><p className="ui-meta">模式切换采用玻璃过渡。开启系统“减少动态效果”后改用短淡入淡出；减少透明度或增强对比度时使用更实的背景。</p></section>\n' +
    '      <form id="workspace-preferences" onSubmit={handleSave}>\n' +
    `        <section hidden={section !== 'library'} className="ui-card"><h2>资料库</h2><Notice>这里保存默认路径偏好，不切换当前资料库或迁移文件。</Notice><div className="ui-actions"><Link className="ui-button ui-button-secondary" to="/library">打开与管理资料库</Link><Link className="ui-button ui-button-secondary" to="/connected-libraries">Eagle 连接库</Link><Link className="ui-button ui-button-secondary" to="/legacy-library">找回旧素材</Link></div><label className="ui-field"><span>素材存储路径偏好</span><span className="ui-actions"><input className="ui-input flex-1 min-w-0" aria-label="素材存储路径偏好" value={libraryPath} onChange={event => setLibraryPath(event.target.value)} required /><Button onClick={() => selectFolder(libraryPath, setLibraryPath)}><FolderOpen />浏览文件夹</Button></span></label></section>\n` +
    '\n' +
    `        <section hidden={section !== 'capture'} className="ui-card"><h2>采集与下载</h2><p className="ui-meta">下载任务由任务中心管理。以下是保留的旧采集偏好，不控制当前受管下载或素材复制流程。</p><label className="ui-field"><span className="preference-row"><span>并发任务上限</span><output>{concurrency} 个</output></span><input disabled aria-label="并发任务上限" type="range" min="1" max="8" step="1" value={concurrency} onChange={event => setConcurrency(Number(event.target.value))} /></label><label className="ui-field"><span className="preference-row"><span>请求间隔</span><output>{delayInterval} 秒</output></span><input disabled aria-label="请求间隔" type="range" min="0" max="5" step="0.5" value={delayInterval} onChange={event => setDelayInterval(Number(event.target.value))} /></label><label className="preference-row">保留原始来源 URL<input className="ui-switch" type="checkbox" disabled role="switch" checked={saveOriginalUrl} onChange={event => setSaveOriginalUrl(event.target.checked)} /></label><label className="preference-row">自动生成缩略图<input className="ui-switch" type="checkbox" disabled role="switch" checked={autoThumbnail} onChange={event => setAutoThumbnail(event.target.checked)} /></label></section>\n` +
    '      </form>\n' +
    `      <section hidden={section!=='ai'} className="ui-card"><h2>AI 与模型</h2><p>连接与账号在统一页面管理，配置不会发送素材。</p><Link className="ui-button ui-button-secondary" to={appPath('ai-console')}>管理 AI 连接与账号</Link></section>\n` +
    `      <section hidden={section !== 'shortcuts'} className="ui-card"><h2>快捷键</h2>{[['搜索素材', '⌘ F / Ctrl F'], ['快速查看', '空格'], ['关闭当前浮层', 'Esc'], ['切换查看模式', '在底部模式条使用左右方向键']].map(([label, shortcut]) => <div className="preference-row" key={label}><span>{label}</span><kbd>{shortcut}</kbd></div>)}</section>\n` +
    `      {section === 'advanced' && <section><Notice>维护操作会先检查目标与范围。配置外部模型服务不会授权上传素材。</Notice><Link className="ui-button ui-button-secondary" to="/about">帮助与当前构建</Link><Link className="ui-button ui-button-secondary" to={appPath('ai-diagnostics')}>查看现行诊断</Link></section>}\n` +
    '    </main></div>\n' +
    `    <footer className="preferences-savebar"><span role="status">{saving ? '正在保存…' : dirty ? '有尚未保存的偏好更改' : '路径偏好已同步'}</span><Button type="submit" form="workspace-preferences" variant="primary" disabled={!dirty || saving}><Save />{saving ? '保存中…' : '保存偏好'}</Button></footer>\n` +
    '  </div>\n' +
    '}\n',
  expected: /import DoctorPanel from '\.\.\/components\/settings\/DoctorPanel'/,
  operator: 'match',
  diff: 'simple'
}

Node.js v25.8.0
