
> design-asset-manager@1.0.0 build
> node scripts/build-identity.mjs && electron-vite build

{"buildId":"dam-3c75658c506c8e70","sourceCount":620}
vite v5.4.21 building SSR bundle for production...
transforming...
✓ 213 modules transformed.
rendering chunks...
out/main/index.js  1,005.12 kB
✓ built in 569ms
vite v5.4.21 building SSR bundle for production...
transforming...
✓ 20 modules transformed.
rendering chunks...
out/preload/work-window.cjs   0.69 kB
out/preload/asset-card.cjs    4.22 kB
out/preload/index.cjs        39.56 kB
✓ built in 21ms
vite v5.4.21 building for production...
transforming...
✓ 2016 modules transformed.
rendering chunks...
../../out/renderer/index.html                     0.85 kB
../../out/renderer/assets/index-9sFFh9cr.css    229.88 kB
../../out/renderer/assets/index-hjdodiS1.js   1,271.28 kB
✓ built in 1.29s
